\BOOKMARK [1][-]{section.1}{\376\377\000I\000n\000t\000r\000o\000d\000u\000c\000t\000i\000o\000n}{}% 1
\BOOKMARK [2][-]{subsection.1.1}{\376\377\000B\000a\000c\000k\000g\000r\000o\000u\000n\000d}{section.1}% 2
\BOOKMARK [2][-]{subsection.1.2}{\376\377\000P\000r\000o\000b\000l\000e\000m\000\040\000S\000t\000a\000t\000e\000m\000e\000n\000t}{section.1}% 3
\BOOKMARK [2][-]{subsection.1.3}{\376\377\000C\000o\000n\000t\000r\000i\000b\000u\000t\000i\000o\000n\000s}{section.1}% 4
\BOOKMARK [2][-]{subsection.1.4}{\376\377\000P\000a\000p\000e\000r\000\040\000O\000r\000g\000a\000n\000i\000z\000a\000t\000i\000o\000n}{section.1}% 5
\BOOKMARK [1][-]{section.2}{\376\377\000R\000e\000l\000a\000t\000e\000d\000\040\000W\000o\000r\000k}{}% 6
\BOOKMARK [2][-]{subsection.2.1}{\376\377\000E\000x\000i\000s\000t\000i\000n\000g\000\040\000O\000S\000I\000N\000T\000\040\000T\000o\000o\000l\000s}{section.2}% 7
\BOOKMARK [2][-]{subsection.2.2}{\376\377\000G\000r\000a\000p\000h\000\040\000M\000e\000t\000h\000o\000d\000s\000\040\000i\000n\000\040\000S\000e\000c\000u\000r\000i\000t\000y\000\040\000R\000e\000s\000e\000a\000r\000c\000h}{section.2}% 8
\BOOKMARK [2][-]{subsection.2.3}{\376\377\000S\000a\000n\000d\000b\000o\000x\000i\000n\000g\000\040\000A\000p\000p\000r\000o\000a\000c\000h\000e\000s}{section.2}% 9
\BOOKMARK [1][-]{section.3}{\376\377\000M\000e\000t\000h\000o\000d\000o\000l\000o\000g\000y}{}% 10
\BOOKMARK [2][-]{subsection.3.1}{\376\377\000G\000r\000a\000p\000h\000-\000B\000a\000s\000e\000d\000\040\000C\000o\000r\000r\000e\000l\000a\000t\000i\000o\000n\000\040\000A\000r\000c\000h\000i\000t\000e\000c\000t\000u\000r\000e}{section.3}% 11
\BOOKMARK [3][-]{subsubsection.3.1.1}{\376\377\000G\000r\000a\000p\000h\000\040\000C\000o\000n\000s\000t\000r\000u\000c\000t\000i\000o\000n}{subsection.3.1}% 12
\BOOKMARK [3][-]{subsubsection.3.1.2}{\376\377\000C\000o\000m\000m\000u\000n\000i\000t\000y\000\040\000D\000e\000t\000e\000c\000t\000i\000o\000n}{subsection.3.1}% 13
\BOOKMARK [3][-]{subsubsection.3.1.3}{\376\377\000A\000n\000o\000m\000a\000l\000y\000\040\000D\000e\000t\000e\000c\000t\000i\000o\000n}{subsection.3.1}% 14
\BOOKMARK [3][-]{subsubsection.3.1.4}{\376\377\000C\000e\000n\000t\000r\000a\000l\000i\000t\000y\000\040\000M\000e\000a\000s\000u\000r\000e\000s}{subsection.3.1}% 15
\BOOKMARK [2][-]{subsection.3.2}{\376\377\000S\000a\000n\000d\000b\000o\000x\000\040\000A\000r\000c\000h\000i\000t\000e\000c\000t\000u\000r\000e}{section.3}% 16
\BOOKMARK [3][-]{subsubsection.3.2.1}{\376\377\000T\000h\000r\000e\000a\000t\000\040\000M\000o\000d\000e\000l\000\040\000a\000n\000d\000\040\000G\000o\000a\000l\000s}{subsection.3.2}% 17
\BOOKMARK [3][-]{subsubsection.3.2.2}{\376\377\000D\000e\000s\000i\000g\000n\000\040\000D\000e\000c\000i\000s\000i\000o\000n\000s}{subsection.3.2}% 18
\BOOKMARK [3][-]{subsubsection.3.2.3}{\376\377\000A\000n\000a\000l\000y\000s\000i\000s\000\040\000L\000i\000f\000e\000c\000y\000c\000l\000e}{subsection.3.2}% 19
\BOOKMARK [2][-]{subsection.3.3}{\376\377\000R\000i\000s\000k\000\040\000S\000c\000o\000r\000i\000n\000g}{section.3}% 20
\BOOKMARK [1][-]{section.4}{\376\377\000I\000m\000p\000l\000e\000m\000e\000n\000t\000a\000t\000i\000o\000n}{}% 21
\BOOKMARK [2][-]{subsection.4.1}{\376\377\000S\000y\000s\000t\000e\000m\000\040\000A\000r\000c\000h\000i\000t\000e\000c\000t\000u\000r\000e}{section.4}% 22
\BOOKMARK [2][-]{subsection.4.2}{\376\377\000M\000o\000d\000u\000l\000e\000\040\000O\000v\000e\000r\000v\000i\000e\000w}{section.4}% 23
\BOOKMARK [2][-]{subsection.4.3}{\376\377\000G\000r\000a\000p\000h\000\040\000E\000n\000g\000i\000n\000e\000\040\000\050\000g\000r\000a\000p\000h\000\137\000e\000n\000g\000i\000n\000e\000.\000p\000y\000\051}{section.4}% 24
\BOOKMARK [2][-]{subsection.4.4}{\376\377\000G\000r\000a\000p\000h\000\040\000A\000l\000g\000o\000r\000i\000t\000h\000m\000s\000\040\000\050\000g\000r\000a\000p\000h\000\137\000a\000l\000g\000o\000r\000i\000t\000h\000m\000s\000.\000p\000y\000\051}{section.4}% 25
\BOOKMARK [2][-]{subsection.4.5}{\376\377\000G\000r\000a\000p\000h\000\040\000C\000o\000r\000r\000e\000l\000a\000t\000i\000o\000n\000\040\000E\000n\000g\000i\000n\000e\000\040\000\050\000g\000r\000a\000p\000h\000\137\000c\000o\000r\000r\000e\000l\000a\000t\000i\000o\000n\000.\000p\000y\000\051}{section.4}% 26
\BOOKMARK [2][-]{subsection.4.6}{\376\377\000R\000i\000s\000k\000\040\000S\000c\000o\000r\000i\000n\000g\000\040\000E\000n\000g\000i\000n\000e\000\040\000\050\000r\000i\000s\000k\000\137\000s\000c\000o\000r\000e\000r\000.\000p\000y\000\051}{section.4}% 27
\BOOKMARK [2][-]{subsection.4.7}{\376\377\000S\000a\000n\000d\000b\000o\000x\000\040\000I\000m\000p\000l\000e\000m\000e\000n\000t\000a\000t\000i\000o\000n}{section.4}% 28
\BOOKMARK [2][-]{subsection.4.8}{\376\377\000W\000e\000b\000\040\000I\000n\000t\000e\000r\000f\000a\000c\000e}{section.4}% 29
\BOOKMARK [1][-]{section.5}{\376\377\000E\000v\000a\000l\000u\000a\000t\000i\000o\000n}{}% 30
\BOOKMARK [2][-]{subsection.5.1}{\376\377\000E\000x\000p\000e\000r\000i\000m\000e\000n\000t\000a\000l\000\040\000S\000e\000t\000u\000p}{section.5}% 31
\BOOKMARK [2][-]{subsection.5.2}{\376\377\000G\000r\000a\000p\000h\000\040\000C\000o\000r\000r\000e\000l\000a\000t\000i\000o\000n\000\040\000R\000e\000s\000u\000l\000t\000s}{section.5}% 32
\BOOKMARK [3][-]{subsubsection.5.2.1}{\376\377\000C\000o\000m\000m\000u\000n\000i\000t\000y\000\040\000D\000e\000t\000e\000c\000t\000i\000o\000n}{subsection.5.2}% 33
\BOOKMARK [3][-]{subsubsection.5.2.2}{\376\377\000I\000n\000f\000r\000a\000s\000t\000r\000u\000c\000t\000u\000r\000e\000\040\000O\000v\000e\000r\000l\000a\000p}{subsection.5.2}% 34
\BOOKMARK [3][-]{subsubsection.5.2.3}{\376\377\000A\000n\000o\000m\000a\000l\000y\000\040\000D\000e\000t\000e\000c\000t\000i\000o\000n}{subsection.5.2}% 35
\BOOKMARK [3][-]{subsubsection.5.2.4}{\376\377\000K\000e\000y\000\040\000A\000c\000t\000o\000r\000\040\000I\000d\000e\000n\000t\000i\000f\000i\000c\000a\000t\000i\000o\000n}{subsection.5.2}% 36
\BOOKMARK [3][-]{subsubsection.5.2.5}{\376\377\000I\000n\000d\000i\000r\000e\000c\000t\000\040\000R\000e\000l\000a\000t\000i\000o\000n\000s\000h\000i\000p\000\040\000D\000i\000s\000c\000o\000v\000e\000r\000y}{subsection.5.2}% 37
\BOOKMARK [2][-]{subsection.5.3}{\376\377\000R\000i\000s\000k\000\040\000S\000c\000o\000r\000i\000n\000g\000\040\000R\000e\000s\000u\000l\000t\000s}{section.5}% 38
\BOOKMARK [2][-]{subsection.5.4}{\376\377\000S\000a\000n\000d\000b\000o\000x\000\040\000E\000v\000a\000l\000u\000a\000t\000i\000o\000n}{section.5}% 39
\BOOKMARK [2][-]{subsection.5.5}{\376\377\000S\000c\000a\000l\000a\000b\000i\000l\000i\000t\000y}{section.5}% 40
\BOOKMARK [1][-]{section.6}{\376\377\000D\000i\000s\000c\000u\000s\000s\000i\000o\000n}{}% 41
\BOOKMARK [2][-]{subsection.6.1}{\376\377\000I\000n\000t\000e\000r\000p\000r\000e\000t\000i\000n\000g\000\040\000t\000h\000e\000\040\000R\000e\000s\000u\000l\000t\000s}{section.6}% 42
\BOOKMARK [2][-]{subsection.6.2}{\376\377\000L\000i\000m\000i\000t\000a\000t\000i\000o\000n\000s}{section.6}% 43
\BOOKMARK [2][-]{subsection.6.3}{\376\377\000T\000h\000r\000e\000a\000t\000s\000\040\000t\000o\000\040\000V\000a\000l\000i\000d\000i\000t\000y}{section.6}% 44
\BOOKMARK [1][-]{section.7}{\376\377\000C\000o\000n\000c\000l\000u\000s\000i\000o\000n\000\040\000a\000n\000d\000\040\000F\000u\000t\000u\000r\000e\000\040\000W\000o\000r\000k}{}% 45
\BOOKMARK [2][-]{subsection.7.1}{\376\377\000S\000u\000m\000m\000a\000r\000y}{section.7}% 46
\BOOKMARK [2][-]{subsection.7.2}{\376\377\000F\000u\000t\000u\000r\000e\000\040\000D\000i\000r\000e\000c\000t\000i\000o\000n\000s}{section.7}% 47
\BOOKMARK [1][-]{section*.13}{\376\377\000R\000e\000f\000e\000r\000e\000n\000c\000e\000s}{}% 48
\BOOKMARK [1][-]{section*.14}{\376\377\000A\000p\000p\000e\000n\000d\000i\000x\000\040\000A\000:\000\040\000A\000l\000g\000o\000r\000i\000t\000h\000m\000\040\000P\000s\000e\000u\000d\000o\000c\000o\000d\000e}{}% 49
\BOOKMARK [1][-]{section*.15}{\376\377\000A\000p\000p\000e\000n\000d\000i\000x\000\040\000B\000:\000\040\000D\000a\000t\000a\000b\000a\000s\000e\000\040\000S\000c\000h\000e\000m\000a}{}% 50
\BOOKMARK [1][-]{section*.16}{\376\377\000A\000p\000p\000e\000n\000d\000i\000x\000\040\000C\000:\000\040\000A\000d\000d\000i\000t\000i\000o\000n\000a\000l\000\040\000S\000c\000r\000e\000e\000n\000s\000h\000o\000t\000s}{}% 51
